Script started on 2023-09-05 16:08:48-04:00 [TERM="xterm-256color" TTY="/dev/pts/1" COLUMNS="191" LINES="44"]


~/Projects/fullStackOpen/part12/todo-app/todo-backend
❯ %
~/Projects/fullStackOpen/part12/todo-app/todo-backend on main ?1
❯ docker ps
CONTAINER ID   IMAGE	 COMMAND		  CREATED	 STATUS		PORTS			  NAMES
f9d3800b2566   redis	 "docker-entrypoint.s…"	  7 hours ago	 Up 4 minutes	0.0.0.0:6379->6379/tcp	  todo-backend-redis-1
a6dbb533f443   mongo	 "docker-entrypoint.s…"	  25 hours ago	 Up 4 minutes	0.0.0.0:3456->27017/tcp	  todo-backend-mongo-1
%
~/Projects/fullStackOpen/part12/todo-app/todo-backend on main ?1
❯ docker exec -it todo
❯odockerxexeci-itotodo-backend-redis-1eredis-cli9k__todo_command     _p9k__todo_file	    prompt_todo		   _todo.sh		  _ztodo
127.0.0.1:6379> KEYS *apattern
1) "added_todos"
127.0.0.1:6379> GET "added_todos" key
"1"
127.0.0.1:6379> INCR "added_todos" 9001
(error) ERR wrong number of arguments for 'incr' command
127.0.0.1:6379> INCR 9000""added_todos"
(error) ERR wrong number of arguments for 'incr' command
127.0.0.1:6379> SET added_todosk9001vvalue[[NX|XX][[GET][[EXsseconds|PXmmilliseconds|EXATuunix-time-seconds|PXATuunix-time-milliseconds|KEEPTTL]
OK
127.0.0.1:6379> GET "added_todos" key
"9001"
127.0.0.1:6379> exit
%
~																							       ~																							      ~																								     ~																								    ~																								   ~																								  ~																								 ~																								~																							       ~																							      ~																								     ~																								    ~																								   ~																								  ~																								 ~																								~																							       ~																							      ~																								     ~																								    ~																								   ~																								  ~																								 ~																								~																							       ~																							      ~																								     ~																								    ~																								   ~																								  ~																								 ~																								~																							       ~																							      ~																								     ~																								    ~																								   ~																								  ~																								 ~																								~																							       ~
